nohup: ignoring input
===== Processing ROC-25-0074 =====
[2m2026-04-08T14:35:59.903980Z[0m [32m INFO[0m [2msimpleaf::simpleaf_commands::quant[0m[2m:[0m piscem map-sc cmd : /home/t.sirchi/micromamba/envs/alevin-fry/bin/piscem map-sc --index /home/t.sirchi/ssd2/t.sirchi/alevin_fry/GRCh38_2024A_splici_piscem_idx/index/piscem_idx --threads 16 -o /home/t.sirchi/ssd2/t.sirchi/alevin_fry/quant_out/ROC-25-0074/af_map --max-ec-card 4096 --skipping-strategy permissive --max-hit-occ 256 --max-hit-occ-recover 1024 --max-read-occ 2500 -1 /home/t.sirchi/ssd2/t.sirchi/alevin_fry/Fastq1_link/ROC-25-0074_R1.fastq.gz -2 /home/t.sirchi/ssd2/t.sirchi/alevin_fry/Fastq2_link/ROC-25-0074_R2.fastq.gz --geometry chromium_v3
[2m2026-04-08T14:39:42.427414Z[0m [32m INFO[0m [2msimpleaf::utils::prog_utils[0m[2m:[0m command returned successfully (exit status: 0)
[2m2026-04-08T14:39:42.428070Z[0m [32m INFO[0m [2msimpleaf::simpleaf_commands::quant[0m[2m:[0m alevin-fry generate-permit-list cmd : /home/t.sirchi/micromamba/envs/alevin-fry/bin/alevin-fry generate-permit-list -i /home/t.sirchi/ssd2/t.sirchi/alevin_fry/quant_out/ROC-25-0074/af_map -d fw -t 8 --knee-distance -o /home/t.sirchi/ssd2/t.sirchi/alevin_fry/quant_out/ROC-25-0074/af_quant
[2m2026-04-08T14:39:48.517893Z[0m [32m INFO[0m [2msimpleaf::utils::prog_utils[0m[2m:[0m command returned successfully (exit status: 0)
[2m2026-04-08T14:39:48.517970Z[0m [32m INFO[0m [2msimpleaf::simpleaf_commands::quant[0m[2m:[0m alevin-fry collate cmd : /home/t.sirchi/micromamba/envs/alevin-fry/bin/alevin-fry collate -i /home/t.sirchi/ssd2/t.sirchi/alevin_fry/quant_out/ROC-25-0074/af_quant -r /home/t.sirchi/ssd2/t.sirchi/alevin_fry/quant_out/ROC-25-0074/af_map -t 16
[2m2026-04-08T14:40:23.634272Z[0m [32m INFO[0m [2msimpleaf::utils::prog_utils[0m[2m:[0m command returned successfully (exit status: 0)
[2m2026-04-08T14:40:23.634367Z[0m [32m INFO[0m [2msimpleaf::simpleaf_commands::quant[0m[2m:[0m cmd : "/home/t.sirchi/micromamba/envs/alevin-fry/bin/alevin-fry" "quant" "-i" "/home/t.sirchi/ssd2/t.sirchi/alevin_fry/quant_out/ROC-25-0074/af_quant" "-o" "/home/t.sirchi/ssd2/t.sirchi/alevin_fry/quant_out/ROC-25-0074/af_quant" "-t" "16" "-m" "/home/t.sirchi/ssd2/t.sirchi/alevin_fry/GRCh38_2024A_splici/splici_fl146_t2g_3col.tsv" "-r" "cr-like"
[2m2026-04-08T14:40:36.853891Z[0m [32m INFO[0m [2msimpleaf::utils::prog_utils[0m[2m:[0m command returned successfully (exit status: 0)
===== Processing ROC-25-0075 =====
[2m2026-04-08T14:40:36.868684Z[0m [32m INFO[0m [2msimpleaf::simpleaf_commands::quant[0m[2m:[0m piscem map-sc cmd : /home/t.sirchi/micromamba/envs/alevin-fry/bin/piscem map-sc --index /home/t.sirchi/ssd2/t.sirchi/alevin_fry/GRCh38_2024A_splici_piscem_idx/index/piscem_idx --threads 16 -o /home/t.sirchi/ssd2/t.sirchi/alevin_fry/quant_out/ROC-25-0075/af_map --max-ec-card 4096 --skipping-strategy permissive --max-hit-occ 256 --max-hit-occ-recover 1024 --max-read-occ 2500 -1 /home/t.sirchi/ssd2/t.sirchi/alevin_fry/Fastq1_link/ROC-25-0075_R1.fastq.gz -2 /home/t.sirchi/ssd2/t.sirchi/alevin_fry/Fastq2_link/ROC-25-0075_R2.fastq.gz --geometry chromium_v3
[2m2026-04-08T14:47:24.994871Z[0m [32m INFO[0m [2msimpleaf::utils::prog_utils[0m[2m:[0m command returned successfully (exit status: 0)
[2m2026-04-08T14:47:24.995743Z[0m [32m INFO[0m [2msimpleaf::simpleaf_commands::quant[0m[2m:[0m alevin-fry generate-permit-list cmd : /home/t.sirchi/micromamba/envs/alevin-fry/bin/alevin-fry generate-permit-list -i /home/t.sirchi/ssd2/t.sirchi/alevin_fry/quant_out/ROC-25-0075/af_map -d fw -t 8 --knee-distance -o /home/t.sirchi/ssd2/t.sirchi/alevin_fry/quant_out/ROC-25-0075/af_quant
[2m2026-04-08T14:47:32.444262Z[0m [32m INFO[0m [2msimpleaf::utils::prog_utils[0m[2m:[0m command returned successfully (exit status: 0)
[2m2026-04-08T14:47:32.444322Z[0m [32m INFO[0m [2msimpleaf::simpleaf_commands::quant[0m[2m:[0m alevin-fry collate cmd : /home/t.sirchi/micromamba/envs/alevin-fry/bin/alevin-fry collate -i /home/t.sirchi/ssd2/t.sirchi/alevin_fry/quant_out/ROC-25-0075/af_quant -r /home/t.sirchi/ssd2/t.sirchi/alevin_fry/quant_out/ROC-25-0075/af_map -t 16
[2m2026-04-08T14:49:07.717240Z[0m [32m INFO[0m [2msimpleaf::utils::prog_utils[0m[2m:[0m command returned successfully (exit status: 0)
[2m2026-04-08T14:49:07.717326Z[0m [32m INFO[0m [2msimpleaf::simpleaf_commands::quant[0m[2m:[0m cmd : "/home/t.sirchi/micromamba/envs/alevin-fry/bin/alevin-fry" "quant" "-i" "/home/t.sirchi/ssd2/t.sirchi/alevin_fry/quant_out/ROC-25-0075/af_quant" "-o" "/home/t.sirchi/ssd2/t.sirchi/alevin_fry/quant_out/ROC-25-0075/af_quant" "-t" "16" "-m" "/home/t.sirchi/ssd2/t.sirchi/alevin_fry/GRCh38_2024A_splici/splici_fl146_t2g_3col.tsv" "-r" "cr-like"
[2m2026-04-08T14:49:21.449488Z[0m [32m INFO[0m [2msimpleaf::utils::prog_utils[0m[2m:[0m command returned successfully (exit status: 0)
===== Processing ROC-25-0076 =====
[2m2026-04-08T14:49:21.463058Z[0m [32m INFO[0m [2msimpleaf::simpleaf_commands::quant[0m[2m:[0m piscem map-sc cmd : /home/t.sirchi/micromamba/envs/alevin-fry/bin/piscem map-sc --index /home/t.sirchi/ssd2/t.sirchi/alevin_fry/GRCh38_2024A_splici_piscem_idx/index/piscem_idx --threads 16 -o /home/t.sirchi/ssd2/t.sirchi/alevin_fry/quant_out/ROC-25-0076/af_map --max-ec-card 4096 --skipping-strategy permissive --max-hit-occ 256 --max-hit-occ-recover 1024 --max-read-occ 2500 -1 /home/t.sirchi/ssd2/t.sirchi/alevin_fry/Fastq1_link/ROC-25-0076_R1.fastq.gz -2 /home/t.sirchi/ssd2/t.sirchi/alevin_fry/Fastq2_link/ROC-25-0076_R2.fastq.gz --geometry chromium_v3
[2m2026-04-08T15:00:29.147968Z[0m [32m INFO[0m [2msimpleaf::utils::prog_utils[0m[2m:[0m command returned successfully (exit status: 0)
[2m2026-04-08T15:00:29.148511Z[0m [32m INFO[0m [2msimpleaf::simpleaf_commands::quant[0m[2m:[0m alevin-fry generate-permit-list cmd : /home/t.sirchi/micromamba/envs/alevin-fry/bin/alevin-fry generate-permit-list -i /home/t.sirchi/ssd2/t.sirchi/alevin_fry/quant_out/ROC-25-0076/af_map -d fw -t 8 --knee-distance -o /home/t.sirchi/ssd2/t.sirchi/alevin_fry/quant_out/ROC-25-0076/af_quant
[2m2026-04-08T15:00:35.037771Z[0m [32m INFO[0m [2msimpleaf::utils::prog_utils[0m[2m:[0m command returned successfully (exit status: 0)
[2m2026-04-08T15:00:35.037846Z[0m [32m INFO[0m [2msimpleaf::simpleaf_commands::quant[0m[2m:[0m alevin-fry collate cmd : /home/t.sirchi/micromamba/envs/alevin-fry/bin/alevin-fry collate -i /home/t.sirchi/ssd2/t.sirchi/alevin_fry/quant_out/ROC-25-0076/af_quant -r /home/t.sirchi/ssd2/t.sirchi/alevin_fry/quant_out/ROC-25-0076/af_map -t 16
[2m2026-04-08T15:02:40.505574Z[0m [32m INFO[0m [2msimpleaf::utils::prog_utils[0m[2m:[0m command returned successfully (exit status: 0)
[2m2026-04-08T15:02:40.505702Z[0m [32m INFO[0m [2msimpleaf::simpleaf_commands::quant[0m[2m:[0m cmd : "/home/t.sirchi/micromamba/envs/alevin-fry/bin/alevin-fry" "quant" "-i" "/home/t.sirchi/ssd2/t.sirchi/alevin_fry/quant_out/ROC-25-0076/af_quant" "-o" "/home/t.sirchi/ssd2/t.sirchi/alevin_fry/quant_out/ROC-25-0076/af_quant" "-t" "16" "-m" "/home/t.sirchi/ssd2/t.sirchi/alevin_fry/GRCh38_2024A_splici/splici_fl146_t2g_3col.tsv" "-r" "cr-like"
[2m2026-04-08T15:02:53.318338Z[0m [32m INFO[0m [2msimpleaf::utils::prog_utils[0m[2m:[0m command returned successfully (exit status: 0)
===== Processing ROC-25-0077 =====
[2m2026-04-08T15:02:53.331469Z[0m [32m INFO[0m [2msimpleaf::simpleaf_commands::quant[0m[2m:[0m piscem map-sc cmd : /home/t.sirchi/micromamba/envs/alevin-fry/bin/piscem map-sc --index /home/t.sirchi/ssd2/t.sirchi/alevin_fry/GRCh38_2024A_splici_piscem_idx/index/piscem_idx --threads 16 -o /home/t.sirchi/ssd2/t.sirchi/alevin_fry/quant_out/ROC-25-0077/af_map --max-ec-card 4096 --skipping-strategy permissive --max-hit-occ 256 --max-hit-occ-recover 1024 --max-read-occ 2500 -1 /home/t.sirchi/ssd2/t.sirchi/alevin_fry/Fastq1_link/ROC-25-0077_R1.fastq.gz -2 /home/t.sirchi/ssd2/t.sirchi/alevin_fry/Fastq2_link/ROC-25-0077_R2.fastq.gz --geometry chromium_v3
[2m2026-04-08T15:14:55.540485Z[0m [32m INFO[0m [2msimpleaf::utils::prog_utils[0m[2m:[0m command returned successfully (exit status: 0)
[2m2026-04-08T15:14:55.541247Z[0m [32m INFO[0m [2msimpleaf::simpleaf_commands::quant[0m[2m:[0m alevin-fry generate-permit-list cmd : /home/t.sirchi/micromamba/envs/alevin-fry/bin/alevin-fry generate-permit-list -i /home/t.sirchi/ssd2/t.sirchi/alevin_fry/quant_out/ROC-25-0077/af_map -d fw -t 8 --knee-distance -o /home/t.sirchi/ssd2/t.sirchi/alevin_fry/quant_out/ROC-25-0077/af_quant
[2m2026-04-08T15:15:01.690392Z[0m [32m INFO[0m [2msimpleaf::utils::prog_utils[0m[2m:[0m command returned successfully (exit status: 0)
[2m2026-04-08T15:15:01.690463Z[0m [32m INFO[0m [2msimpleaf::simpleaf_commands::quant[0m[2m:[0m alevin-fry collate cmd : /home/t.sirchi/micromamba/envs/alevin-fry/bin/alevin-fry collate -i /home/t.sirchi/ssd2/t.sirchi/alevin_fry/quant_out/ROC-25-0077/af_quant -r /home/t.sirchi/ssd2/t.sirchi/alevin_fry/quant_out/ROC-25-0077/af_map -t 16
[2m2026-04-08T15:16:51.320904Z[0m [32m INFO[0m [2msimpleaf::utils::prog_utils[0m[2m:[0m command returned successfully (exit status: 0)
[2m2026-04-08T15:16:51.320992Z[0m [32m INFO[0m [2msimpleaf::simpleaf_commands::quant[0m[2m:[0m cmd : "/home/t.sirchi/micromamba/envs/alevin-fry/bin/alevin-fry" "quant" "-i" "/home/t.sirchi/ssd2/t.sirchi/alevin_fry/quant_out/ROC-25-0077/af_quant" "-o" "/home/t.sirchi/ssd2/t.sirchi/alevin_fry/quant_out/ROC-25-0077/af_quant" "-t" "16" "-m" "/home/t.sirchi/ssd2/t.sirchi/alevin_fry/GRCh38_2024A_splici/splici_fl146_t2g_3col.tsv" "-r" "cr-like"
[2m2026-04-08T15:17:03.491325Z[0m [32m INFO[0m [2msimpleaf::utils::prog_utils[0m[2m:[0m command returned successfully (exit status: 0)
